main.c:90:5:__io_putchar	16	static
main.c:102:5:main	16	static
main.c:238:6:HAL_GPIO_EXTI_Callback	16	static
main.c:332:6:SystemClock_Config	96	static
main.c:388:6:PeriphCommonClock_Config	144	static
main.c:415:13:MX_ADC1_Init	48	static
main.c:479:13:MX_DFSDM1_Init	8	static
main.c:517:13:MX_I2C2_Init	8	static
main.c:563:13:MX_QUADSPI_Init	8	static
main.c:596:13:MX_SPI3_Init	8	static
main.c:636:13:MX_USART1_UART_Init	8	static
main.c:671:13:MX_USART3_UART_Init	8	static
main.c:706:13:MX_USB_OTG_FS_PCD_Init	8	static
main.c:741:13:MX_GPIO_Init	48	static
main.c:904:6:Error_Handler	4	static,ignoring_inline_asm
